2025-12-11T12:10:06.022+05:30  INFO 8853 --- [SpringBootTutorial] [restartedMain] c.e.app.SpringBootTutorialApplication    : Starting SpringBootTutorialApplication using Java 21.0.8 with PID 8853 (/home/guhan/Spring-workspace/SpringBootTutorial/target/classes started by guhan in /home/guhan/Spring-workspace/SpringBootTutorial)
2025-12-11T12:10:06.025+05:30  INFO 8853 --- [SpringBootTutorial] [restartedMain] c.e.app.SpringBootTutorialApplication    : No active profile set, falling back to 1 default profile: "default"
2025-12-11T12:10:06.069+05:30  INFO 8853 --- [SpringBootTutorial] [restartedMain] .e.DevToolsPropertyDefaultsPostProcessor : Devtools property defaults active! Set 'spring.devtools.add-properties' to 'false' to disable
2025-12-11T12:10:06.069+05:30  INFO 8853 --- [SpringBootTutorial] [restartedMain] .e.DevToolsPropertyDefaultsPostProcessor : For additional web related logging consider setting the 'logging.level.web' property to 'DEBUG'
2025-12-11T12:10:06.851+05:30  INFO 8853 --- [SpringBootTutorial] [restartedMain] o.s.boot.tomcat.TomcatWebServer          : Tomcat initialized with port 6900 (http)
2025-12-11T12:10:06.866+05:30  INFO 8853 --- [SpringBootTutorial] [restartedMain] o.apache.catalina.core.StandardService   : Starting service [Tomcat]
2025-12-11T12:10:06.866+05:30  INFO 8853 --- [SpringBootTutorial] [restartedMain] o.apache.catalina.core.StandardEngine    : Starting Servlet engine: [Apache Tomcat/11.0.14]
2025-12-11T12:10:06.892+05:30  INFO 8853 --- [SpringBootTutorial] [restartedMain] b.w.c.s.WebApplicationContextInitializer : Root WebApplicationContext: initialization completed in 822 ms
2025-12-11T12:10:07.345+05:30  INFO 8853 --- [SpringBootTutorial] [restartedMain] o.s.boot.tomcat.TomcatWebServer          : Tomcat started on port 6900 (http) with context path '/'
2025-12-11T12:10:07.352+05:30  INFO 8853 --- [SpringBootTutorial] [restartedMain] c.e.app.SpringBootTutorialApplication    : Started SpringBootTutorialApplication in 1.789 seconds (process running for 2.343)
2025-12-11T12:10:16.067+05:30  INFO 8853 --- [SpringBootTutorial] [http-nio-6900-exec-2] o.a.c.c.C.[Tomcat].[localhost].[/]       : Initializing Spring DispatcherServlet 'dispatcherServlet'
2025-12-11T12:10:16.067+05:30  INFO 8853 --- [SpringBootTutorial] [http-nio-6900-exec-2] o.s.web.servlet.DispatcherServlet        : Initializing Servlet 'dispatcherServlet'
2025-12-11T12:10:16.069+05:30  INFO 8853 --- [SpringBootTutorial] [http-nio-6900-exec-2] o.s.web.servlet.DispatcherServlet        : Completed initialization in 2 ms
2025-12-11T12:10:16.090+05:30  INFO 8853 --- [SpringBootTutorial] [http-nio-6900-exec-2] com.example.app.service.StudentService   : getAllStudents method called
2025-12-11T12:10:16.094+05:30  INFO 8853 --- [SpringBootTutorial] [http-nio-6900-exec-2] com.zaxxer.hikari.HikariDataSource       : HikariPool-1 - Starting...
2025-12-11T12:10:16.384+05:30  INFO 8853 --- [SpringBootTutorial] [http-nio-6900-exec-2] com.zaxxer.hikari.pool.HikariPool        : HikariPool-1 - Added connection com.mysql.cj.jdbc.ConnectionImpl@6b85c5af
2025-12-11T12:10:16.386+05:30  INFO 8853 --- [SpringBootTutorial] [http-nio-6900-exec-2] com.zaxxer.hikari.HikariDataSource       : HikariPool-1 - Start completed.
2025-12-11T12:10:42.881+05:30  INFO 8853 --- [SpringBootTutorial] [http-nio-6900-exec-1] com.example.app.service.StudentService   : getStudent method called
2025-12-11T12:10:53.536+05:30  INFO 8853 --- [SpringBootTutorial] [RMI TCP Connection(10)-127.0.0.1] inMXBeanRegistrar$SpringApplicationAdmin : Application shutdown requested.
2025-12-11T12:10:53.544+05:30  INFO 8853 --- [SpringBootTutorial] [RMI TCP Connection(10)-127.0.0.1] o.s.boot.tomcat.GracefulShutdown         : Commencing graceful shutdown. Waiting for active requests to complete
2025-12-11T12:10:53.549+05:30  INFO 8853 --- [SpringBootTutorial] [tomcat-shutdown] o.s.boot.tomcat.GracefulShutdown         : Graceful shutdown complete
2025-12-11T12:10:53.559+05:30  INFO 8853 --- [SpringBootTutorial] [RMI TCP Connection(10)-127.0.0.1] com.zaxxer.hikari.HikariDataSource       : HikariPool-1 - Shutdown initiated...
2025-12-11T12:10:53.572+05:30  INFO 8853 --- [SpringBootTutorial] [RMI TCP Connection(10)-127.0.0.1] com.zaxxer.hikari.HikariDataSource       : HikariPool-1 - Shutdown completed.
2025-12-11T12:14:10.117+05:30  INFO 9335 --- [SpringBootTutorial] [restartedMain] c.e.app.SpringBootTutorialApplication    : Starting SpringBootTutorialApplication using Java 21.0.8 with PID 9335 (/home/guhan/Spring-workspace/SpringBootTutorial/target/classes started by guhan in /home/guhan/Spring-workspace/SpringBootTutorial)
2025-12-11T12:14:10.120+05:30  INFO 9335 --- [SpringBootTutorial] [restartedMain] c.e.app.SpringBootTutorialApplication    : No active profile set, falling back to 1 default profile: "default"
2025-12-11T12:14:10.167+05:30  INFO 9335 --- [SpringBootTutorial] [restartedMain] .e.DevToolsPropertyDefaultsPostProcessor : Devtools property defaults active! Set 'spring.devtools.add-properties' to 'false' to disable
2025-12-11T12:14:10.167+05:30  INFO 9335 --- [SpringBootTutorial] [restartedMain] .e.DevToolsPropertyDefaultsPostProcessor : For additional web related logging consider setting the 'logging.level.web' property to 'DEBUG'
2025-12-11T12:14:10.966+05:30  INFO 9335 --- [SpringBootTutorial] [restartedMain] o.s.boot.tomcat.TomcatWebServer          : Tomcat initialized with port 6900 (http)
2025-12-11T12:14:10.979+05:30  INFO 9335 --- [SpringBootTutorial] [restartedMain] o.apache.catalina.core.StandardService   : Starting service [Tomcat]
2025-12-11T12:14:10.979+05:30  INFO 9335 --- [SpringBootTutorial] [restartedMain] o.apache.catalina.core.StandardEngine    : Starting Servlet engine: [Apache Tomcat/11.0.14]
2025-12-11T12:14:11.009+05:30  INFO 9335 --- [SpringBootTutorial] [restartedMain] b.w.c.s.WebApplicationContextInitializer : Root WebApplicationContext: initialization completed in 841 ms
2025-12-11T12:14:11.543+05:30  INFO 9335 --- [SpringBootTutorial] [restartedMain] o.s.boot.tomcat.TomcatWebServer          : Tomcat started on port 6900 (http) with context path '/'
2025-12-11T12:14:11.550+05:30  INFO 9335 --- [SpringBootTutorial] [restartedMain] c.e.app.SpringBootTutorialApplication    : Started SpringBootTutorialApplication in 1.739 seconds (process running for 2.397)
2025-12-11T12:15:45.159+05:30  INFO 9335 --- [SpringBootTutorial] [http-nio-6900-exec-1] o.a.c.c.C.[Tomcat].[localhost].[/]       : Initializing Spring DispatcherServlet 'dispatcherServlet'
2025-12-11T12:15:45.208+05:30  INFO 9335 --- [SpringBootTutorial] [http-nio-6900-exec-1] o.s.web.servlet.DispatcherServlet        : Initializing Servlet 'dispatcherServlet'
2025-12-11T12:15:45.212+05:30  INFO 9335 --- [SpringBootTutorial] [http-nio-6900-exec-1] o.s.web.servlet.DispatcherServlet        : Completed initialization in 2 ms
2025-12-11T12:15:45.442+05:30  INFO 9335 --- [SpringBootTutorial] [http-nio-6900-exec-1] com.example.app.service.StudentService   : getStudent method called
2025-12-11T12:15:45.494+05:30  INFO 9335 --- [SpringBootTutorial] [http-nio-6900-exec-1] com.zaxxer.hikari.HikariDataSource       : HikariPool-1 - Starting...
2025-12-11T12:15:46.339+05:30  INFO 9335 --- [SpringBootTutorial] [http-nio-6900-exec-1] com.zaxxer.hikari.pool.HikariPool        : HikariPool-1 - Added connection com.mysql.cj.jdbc.ConnectionImpl@7a371b
2025-12-11T12:15:46.364+05:30  INFO 9335 --- [SpringBootTutorial] [http-nio-6900-exec-1] com.zaxxer.hikari.HikariDataSource       : HikariPool-1 - Start completed.
2025-12-11T12:16:37.398+05:30  INFO 9335 --- [SpringBootTutorial] [http-nio-6900-exec-4] com.example.app.service.StudentService   : getStudent method called
2025-12-11T12:16:37.408+05:30 ERROR 9335 --- [SpringBootTutorial] [http-nio-6900-exec-4] o.a.c.c.C.[.[.[/].[dispatcherServlet]    : Servlet.service() for servlet [dispatcherServlet] in context with path [] threw exception [Request processing failed: org.springframework.dao.EmptyResultDataAccessException: Incorrect result size: expected 1, actual 0] with root cause

org.springframework.dao.EmptyResultDataAccessException: Incorrect result size: expected 1, actual 0
	at org.springframework.dao.support.DataAccessUtils.nullableSingleResult(DataAccessUtils.java:198) ~[spring-tx-7.0.1.jar:7.0.1]
	at org.springframework.jdbc.core.JdbcTemplate.queryForObject(JdbcTemplate.java:893) ~[spring-jdbc-7.0.1.jar:7.0.1]
	at com.example.app.repository.StudentRepository.getStudent(StudentRepository.java:40) ~[classes/:na]
	at java.base/jdk.internal.reflect.DirectMethodHandleAccessor.invoke(DirectMethodHandleAccessor.java:103) ~[na:na]
	at java.base/java.lang.reflect.Method.invoke(Method.java:580) ~[na:na]
	at org.springframework.aop.support.AopUtils.invokeJoinpointUsingReflection(AopUtils.java:359) ~[spring-aop-7.0.1.jar:7.0.1]
	at org.springframework.aop.framework.ReflectiveMethodInvocation.invokeJoinpoint(ReflectiveMethodInvocation.java:190) ~[spring-aop-7.0.1.jar:7.0.1]
	at org.springframework.aop.framework.ReflectiveMethodInvocation.proceed(ReflectiveMethodInvocation.java:158) ~[spring-aop-7.0.1.jar:7.0.1]
	at org.springframework.dao.support.PersistenceExceptionTranslationInterceptor.invoke(PersistenceExceptionTranslationInterceptor.java:135) ~[spring-tx-7.0.1.jar:7.0.1]
	at org.springframework.aop.framework.ReflectiveMethodInvocation.proceed(ReflectiveMethodInvocation.java:179) ~[spring-aop-7.0.1.jar:7.0.1]
	at org.springframework.aop.framework.CglibAopProxy$DynamicAdvisedInterceptor.intercept(CglibAopProxy.java:719) ~[spring-aop-7.0.1.jar:7.0.1]
	at com.example.app.repository.StudentRepository$$SpringCGLIB$$0.getStudent(<generated>) ~[classes/:na]
	at com.example.app.service.StudentService.getStudent(StudentService.java:33) ~[classes/:na]
	at com.example.app.controller.StudentController.getStudent(StudentController.java:34) ~[classes/:na]
	at java.base/jdk.internal.reflect.DirectMethodHandleAccessor.invoke(DirectMethodHandleAccessor.java:103) ~[na:na]
	at java.base/java.lang.reflect.Method.invoke(Method.java:580) ~[na:na]
	at org.springframework.web.method.support.InvocableHandlerMethod.doInvoke(InvocableHandlerMethod.java:258) ~[spring-web-7.0.1.jar:7.0.1]
	at org.springframework.web.method.support.InvocableHandlerMethod.invokeForRequest(InvocableHandlerMethod.java:190) ~[spring-web-7.0.1.jar:7.0.1]
	at org.springframework.web.servlet.mvc.method.annotation.ServletInvocableHandlerMethod.invokeAndHandle(ServletInvocableHandlerMethod.java:117) ~[spring-webmvc-7.0.1.jar:7.0.1]
	at org.springframework.web.servlet.mvc.method.annotation.RequestMappingHandlerAdapter.invokeHandlerMethod(RequestMappingHandlerAdapter.java:934) ~[spring-webmvc-7.0.1.jar:7.0.1]
	at org.springframework.web.servlet.mvc.method.annotation.RequestMappingHandlerAdapter.handleInternal(RequestMappingHandlerAdapter.java:853) ~[spring-webmvc-7.0.1.jar:7.0.1]
	at org.springframework.web.servlet.mvc.method.AbstractHandlerMethodAdapter.handle(AbstractHandlerMethodAdapter.java:86) ~[spring-webmvc-7.0.1.jar:7.0.1]
	at org.springframework.web.servlet.DispatcherServlet.doDispatch(DispatcherServlet.java:963) ~[spring-webmvc-7.0.1.jar:7.0.1]
	at org.springframework.web.servlet.DispatcherServlet.doService(DispatcherServlet.java:866) ~[spring-webmvc-7.0.1.jar:7.0.1]
	at org.springframework.web.servlet.FrameworkServlet.processRequest(FrameworkServlet.java:1003) ~[spring-webmvc-7.0.1.jar:7.0.1]
	at org.springframework.web.servlet.FrameworkServlet.doGet(FrameworkServlet.java:892) ~[spring-webmvc-7.0.1.jar:7.0.1]
	at jakarta.servlet.http.HttpServlet.service(HttpServlet.java:622) ~[tomcat-embed-core-11.0.14.jar:6.1]
	at org.springframework.web.servlet.FrameworkServlet.service(FrameworkServlet.java:874) ~[spring-webmvc-7.0.1.jar:7.0.1]
	at jakarta.servlet.http.HttpServlet.service(HttpServlet.java:710) ~[tomcat-embed-core-11.0.14.jar:6.1]
	at org.apache.catalina.core.ApplicationFilterChain.doFilter(ApplicationFilterChain.java:128) ~[tomcat-embed-core-11.0.14.jar:11.0.14]
	at org.apache.tomcat.websocket.server.WsFilter.doFilter(WsFilter.java:53) ~[tomcat-embed-websocket-11.0.14.jar:11.0.14]
	at org.apache.catalina.core.ApplicationFilterChain.doFilter(ApplicationFilterChain.java:107) ~[tomcat-embed-core-11.0.14.jar:11.0.14]
	at org.springframework.web.filter.RequestContextFilter.doFilterInternal(RequestContextFilter.java:100) ~[spring-web-7.0.1.jar:7.0.1]
	at org.springframework.web.filter.OncePerRequestFilter.doFilter(OncePerRequestFilter.java:116) ~[spring-web-7.0.1.jar:7.0.1]
	at org.apache.catalina.core.ApplicationFilterChain.doFilter(ApplicationFilterChain.java:107) ~[tomcat-embed-core-11.0.14.jar:11.0.14]
	at org.springframework.web.filter.FormContentFilter.doFilterInternal(FormContentFilter.java:93) ~[spring-web-7.0.1.jar:7.0.1]
	at org.springframework.web.filter.OncePerRequestFilter.doFilter(OncePerRequestFilter.java:116) ~[spring-web-7.0.1.jar:7.0.1]
	at org.apache.catalina.core.ApplicationFilterChain.doFilter(ApplicationFilterChain.java:107) ~[tomcat-embed-core-11.0.14.jar:11.0.14]
	at org.springframework.web.filter.CharacterEncodingFilter.doFilterInternal(CharacterEncodingFilter.java:199) ~[spring-web-7.0.1.jar:7.0.1]
	at org.springframework.web.filter.OncePerRequestFilter.doFilter(OncePerRequestFilter.java:116) ~[spring-web-7.0.1.jar:7.0.1]
	at org.apache.catalina.core.ApplicationFilterChain.doFilter(ApplicationFilterChain.java:107) ~[tomcat-embed-core-11.0.14.jar:11.0.14]
	at org.apache.catalina.core.StandardWrapperValve.invoke(StandardWrapperValve.java:165) ~[tomcat-embed-core-11.0.14.jar:11.0.14]
	at org.apache.catalina.core.StandardContextValve.invoke(StandardContextValve.java:77) ~[tomcat-embed-core-11.0.14.jar:11.0.14]
	at org.apache.catalina.authenticator.AuthenticatorBase.invoke(AuthenticatorBase.java:482) ~[tomcat-embed-core-11.0.14.jar:11.0.14]
	at org.apache.catalina.core.StandardHostValve.invoke(StandardHostValve.java:113) ~[tomcat-embed-core-11.0.14.jar:11.0.14]
	at org.apache.catalina.valves.ErrorReportValve.invoke(ErrorReportValve.java:83) ~[tomcat-embed-core-11.0.14.jar:11.0.14]
	at org.apache.catalina.core.StandardEngineValve.invoke(StandardEngineValve.java:72) ~[tomcat-embed-core-11.0.14.jar:11.0.14]
	at org.apache.catalina.connector.CoyoteAdapter.service(CoyoteAdapter.java:341) ~[tomcat-embed-core-11.0.14.jar:11.0.14]
	at org.apache.coyote.http11.Http11Processor.service(Http11Processor.java:397) ~[tomcat-embed-core-11.0.14.jar:11.0.14]
	at org.apache.coyote.AbstractProcessorLight.process(AbstractProcessorLight.java:63) ~[tomcat-embed-core-11.0.14.jar:11.0.14]
	at org.apache.coyote.AbstractProtocol$ConnectionHandler.process(AbstractProtocol.java:903) ~[tomcat-embed-core-11.0.14.jar:11.0.14]
	at org.apache.tomcat.util.net.NioEndpoint$SocketProcessor.doRun(NioEndpoint.java:1778) ~[tomcat-embed-core-11.0.14.jar:11.0.14]
	at org.apache.tomcat.util.net.SocketProcessorBase.run(SocketProcessorBase.java:52) ~[tomcat-embed-core-11.0.14.jar:11.0.14]
	at org.apache.tomcat.util.threads.ThreadPoolExecutor.runWorker(ThreadPoolExecutor.java:946) ~[tomcat-embed-core-11.0.14.jar:11.0.14]
	at org.apache.tomcat.util.threads.ThreadPoolExecutor$Worker.run(ThreadPoolExecutor.java:480) ~[tomcat-embed-core-11.0.14.jar:11.0.14]
	at org.apache.tomcat.util.threads.TaskThread$WrappingRunnable.run(TaskThread.java:57) ~[tomcat-embed-core-11.0.14.jar:11.0.14]
	at java.base/java.lang.Thread.run(Thread.java:1583) ~[na:na]

2025-12-11T12:16:41.641+05:30  INFO 9335 --- [SpringBootTutorial] [RMI TCP Connection(12)-127.0.0.1] inMXBeanRegistrar$SpringApplicationAdmin : Application shutdown requested.
2025-12-11T12:16:41.675+05:30  INFO 9335 --- [SpringBootTutorial] [RMI TCP Connection(12)-127.0.0.1] o.s.boot.tomcat.GracefulShutdown         : Commencing graceful shutdown. Waiting for active requests to complete
2025-12-11T12:16:41.680+05:30  INFO 9335 --- [SpringBootTutorial] [tomcat-shutdown] o.s.boot.tomcat.GracefulShutdown         : Graceful shutdown complete
2025-12-11T12:16:41.689+05:30  INFO 9335 --- [SpringBootTutorial] [RMI TCP Connection(12)-127.0.0.1] com.zaxxer.hikari.HikariDataSource       : HikariPool-1 - Shutdown initiated...
2025-12-11T12:16:41.704+05:30  INFO 9335 --- [SpringBootTutorial] [RMI TCP Connection(12)-127.0.0.1] com.zaxxer.hikari.HikariDataSource       : HikariPool-1 - Shutdown completed.
2025-12-11T12:19:13.318+05:30  INFO 10115 --- [SpringBootTutorial] [restartedMain] c.e.app.SpringBootTutorialApplication    : Starting SpringBootTutorialApplication using Java 21.0.8 with PID 10115 (/home/guhan/Spring-workspace/SpringBootTutorial/target/classes started by guhan in /home/guhan/Spring-workspace/SpringBootTutorial)
2025-12-11T12:19:13.324+05:30  INFO 10115 --- [SpringBootTutorial] [restartedMain] c.e.app.SpringBootTutorialApplication    : No active profile set, falling back to 1 default profile: "default"
2025-12-11T12:19:13.444+05:30  INFO 10115 --- [SpringBootTutorial] [restartedMain] .e.DevToolsPropertyDefaultsPostProcessor : Devtools property defaults active! Set 'spring.devtools.add-properties' to 'false' to disable
2025-12-11T12:19:13.445+05:30  INFO 10115 --- [SpringBootTutorial] [restartedMain] .e.DevToolsPropertyDefaultsPostProcessor : For additional web related logging consider setting the 'logging.level.web' property to 'DEBUG'
2025-12-11T12:19:15.293+05:30  INFO 10115 --- [SpringBootTutorial] [restartedMain] o.s.boot.tomcat.TomcatWebServer          : Tomcat initialized with port 6900 (http)
2025-12-11T12:19:15.322+05:30  INFO 10115 --- [SpringBootTutorial] [restartedMain] o.apache.catalina.core.StandardService   : Starting service [Tomcat]
2025-12-11T12:19:15.323+05:30  INFO 10115 --- [SpringBootTutorial] [restartedMain] o.apache.catalina.core.StandardEngine    : Starting Servlet engine: [Apache Tomcat/11.0.14]
2025-12-11T12:19:15.375+05:30  INFO 10115 --- [SpringBootTutorial] [restartedMain] b.w.c.s.WebApplicationContextInitializer : Root WebApplicationContext: initialization completed in 1928 ms
2025-12-11T12:19:15.857+05:30  INFO 10115 --- [SpringBootTutorial] [restartedMain] o.s.boot.tomcat.TomcatWebServer          : Tomcat started on port 6900 (http) with context path '/'
2025-12-11T12:19:15.864+05:30  INFO 10115 --- [SpringBootTutorial] [restartedMain] c.e.app.SpringBootTutorialApplication    : Started SpringBootTutorialApplication in 3.207 seconds (process running for 4.874)
2025-12-11T12:19:23.642+05:30  INFO 10115 --- [SpringBootTutorial] [http-nio-6900-exec-2] o.a.c.c.C.[Tomcat].[localhost].[/]       : Initializing Spring DispatcherServlet 'dispatcherServlet'
2025-12-11T12:19:23.642+05:30  INFO 10115 --- [SpringBootTutorial] [http-nio-6900-exec-2] o.s.web.servlet.DispatcherServlet        : Initializing Servlet 'dispatcherServlet'
2025-12-11T12:19:23.645+05:30  INFO 10115 --- [SpringBootTutorial] [http-nio-6900-exec-2] o.s.web.servlet.DispatcherServlet        : Completed initialization in 1 ms
2025-12-11T12:19:23.674+05:30  INFO 10115 --- [SpringBootTutorial] [http-nio-6900-exec-2] com.example.app.service.StudentService   : getStudent method called
2025-12-11T12:19:23.679+05:30  INFO 10115 --- [SpringBootTutorial] [http-nio-6900-exec-2] com.zaxxer.hikari.HikariDataSource       : HikariPool-1 - Starting...
2025-12-11T12:19:24.132+05:30  INFO 10115 --- [SpringBootTutorial] [http-nio-6900-exec-2] com.zaxxer.hikari.pool.HikariPool        : HikariPool-1 - Added connection com.mysql.cj.jdbc.ConnectionImpl@6d34709d
2025-12-11T12:19:24.134+05:30  INFO 10115 --- [SpringBootTutorial] [http-nio-6900-exec-2] com.zaxxer.hikari.HikariDataSource       : HikariPool-1 - Start completed.
2025-12-11T12:19:30.555+05:30  WARN 10115 --- [SpringBootTutorial] [http-nio-6900-exec-3] com.example.app.service.StudentService   : student with 20is deleted
2025-12-11T12:20:21.909+05:30  WARN 10115 --- [SpringBootTutorial] [http-nio-6900-exec-4] com.example.app.service.StudentService   : student with 11is deleted
2025-12-11T12:20:30.722+05:30  INFO 10115 --- [SpringBootTutorial] [RMI TCP Connection(11)-127.0.0.1] inMXBeanRegistrar$SpringApplicationAdmin : Application shutdown requested.
2025-12-11T12:20:30.729+05:30  INFO 10115 --- [SpringBootTutorial] [RMI TCP Connection(11)-127.0.0.1] o.s.boot.tomcat.GracefulShutdown         : Commencing graceful shutdown. Waiting for active requests to complete
2025-12-11T12:20:30.733+05:30  INFO 10115 --- [SpringBootTutorial] [tomcat-shutdown] o.s.boot.tomcat.GracefulShutdown         : Graceful shutdown complete
2025-12-11T12:20:30.742+05:30  INFO 10115 --- [SpringBootTutorial] [RMI TCP Connection(11)-127.0.0.1] com.zaxxer.hikari.HikariDataSource       : HikariPool-1 - Shutdown initiated...
2025-12-11T12:20:30.755+05:30  INFO 10115 --- [SpringBootTutorial] [RMI TCP Connection(11)-127.0.0.1] com.zaxxer.hikari.HikariDataSource       : HikariPool-1 - Shutdown completed.
2025-12-11T12:26:03.449+05:30  INFO 10729 --- [SpringBootTutorial] [restartedMain] c.e.app.SpringBootTutorialApplication    : Starting SpringBootTutorialApplication using Java 21.0.8 with PID 10729 (/home/guhan/Spring-workspace/SpringBootTutorial/target/classes started by guhan in /home/guhan/Spring-workspace/SpringBootTutorial)
2025-12-11T12:26:03.452+05:30  INFO 10729 --- [SpringBootTutorial] [restartedMain] c.e.app.SpringBootTutorialApplication    : No active profile set, falling back to 1 default profile: "default"
2025-12-11T12:26:03.496+05:30  INFO 10729 --- [SpringBootTutorial] [restartedMain] .e.DevToolsPropertyDefaultsPostProcessor : Devtools property defaults active! Set 'spring.devtools.add-properties' to 'false' to disable
2025-12-11T12:26:03.497+05:30  INFO 10729 --- [SpringBootTutorial] [restartedMain] .e.DevToolsPropertyDefaultsPostProcessor : For additional web related logging consider setting the 'logging.level.web' property to 'DEBUG'
2025-12-11T12:26:04.319+05:30  INFO 10729 --- [SpringBootTutorial] [restartedMain] o.s.boot.tomcat.TomcatWebServer          : Tomcat initialized with port 6900 (http)
2025-12-11T12:26:04.333+05:30  INFO 10729 --- [SpringBootTutorial] [restartedMain] o.apache.catalina.core.StandardService   : Starting service [Tomcat]
2025-12-11T12:26:04.334+05:30  INFO 10729 --- [SpringBootTutorial] [restartedMain] o.apache.catalina.core.StandardEngine    : Starting Servlet engine: [Apache Tomcat/11.0.14]
2025-12-11T12:26:04.361+05:30  INFO 10729 --- [SpringBootTutorial] [restartedMain] b.w.c.s.WebApplicationContextInitializer : Root WebApplicationContext: initialization completed in 864 ms
2025-12-11T12:26:04.814+05:30  INFO 10729 --- [SpringBootTutorial] [restartedMain] o.s.boot.tomcat.TomcatWebServer          : Tomcat started on port 6900 (http) with context path '/'
2025-12-11T12:26:04.821+05:30  INFO 10729 --- [SpringBootTutorial] [restartedMain] c.e.app.SpringBootTutorialApplication    : Started SpringBootTutorialApplication in 1.693 seconds (process running for 2.315)
2025-12-11T12:26:18.341+05:30  INFO 10729 --- [SpringBootTutorial] [http-nio-6900-exec-1] o.a.c.c.C.[Tomcat].[localhost].[/]       : Initializing Spring DispatcherServlet 'dispatcherServlet'
2025-12-11T12:26:18.342+05:30  INFO 10729 --- [SpringBootTutorial] [http-nio-6900-exec-1] o.s.web.servlet.DispatcherServlet        : Initializing Servlet 'dispatcherServlet'
2025-12-11T12:26:18.344+05:30  INFO 10729 --- [SpringBootTutorial] [http-nio-6900-exec-1] o.s.web.servlet.DispatcherServlet        : Completed initialization in 2 ms
2025-12-11T12:26:18.377+05:30  INFO 10729 --- [SpringBootTutorial] [http-nio-6900-exec-1] com.zaxxer.hikari.HikariDataSource       : HikariPool-1 - Starting...
2025-12-11T12:26:18.813+05:30  INFO 10729 --- [SpringBootTutorial] [http-nio-6900-exec-1] com.zaxxer.hikari.pool.HikariPool        : HikariPool-1 - Added connection com.mysql.cj.jdbc.ConnectionImpl@1e715888
2025-12-11T12:26:18.817+05:30  INFO 10729 --- [SpringBootTutorial] [http-nio-6900-exec-1] com.zaxxer.hikari.HikariDataSource       : HikariPool-1 - Start completed.
2025-12-11T12:26:18.860+05:30 ERROR 10729 --- [SpringBootTutorial] [http-nio-6900-exec-1] c.e.app.repository.StudentRepository     : Student with id 20 is deleted
2025-12-11T12:26:25.220+05:30  WARN 10729 --- [SpringBootTutorial] [http-nio-6900-exec-3] c.e.app.repository.StudentRepository     : Student with id 3 is deleted
2025-12-11T12:28:02.301+05:30  INFO 10729 --- [SpringBootTutorial] [RMI TCP Connection(12)-127.0.0.1] inMXBeanRegistrar$SpringApplicationAdmin : Application shutdown requested.
2025-12-11T12:28:02.339+05:30  INFO 10729 --- [SpringBootTutorial] [RMI TCP Connection(12)-127.0.0.1] o.s.boot.tomcat.GracefulShutdown         : Commencing graceful shutdown. Waiting for active requests to complete
2025-12-11T12:28:02.341+05:30  INFO 10729 --- [SpringBootTutorial] [tomcat-shutdown] o.s.boot.tomcat.GracefulShutdown         : Graceful shutdown complete
2025-12-11T12:28:02.346+05:30  INFO 10729 --- [SpringBootTutorial] [RMI TCP Connection(12)-127.0.0.1] com.zaxxer.hikari.HikariDataSource       : HikariPool-1 - Shutdown initiated...
2025-12-11T12:28:02.352+05:30  INFO 10729 --- [SpringBootTutorial] [RMI TCP Connection(12)-127.0.0.1] com.zaxxer.hikari.HikariDataSource       : HikariPool-1 - Shutdown completed.
